
=============
== PyTorch ==
=============

NVIDIA Release 25.12 (build 245654590)
PyTorch Version 2.10.0a0+b4e4ee8
Container image Copyright (c) 2025, NVIDIA CORPORATION & AFFILIATES. All rights reserved.
Copyright (c) 2014-2024 Facebook Inc.
Copyright (c) 2011-2014 Idiap Research Institute (Ronan Collobert)
Copyright (c) 2012-2014 Deepmind Technologies    (Koray Kavukcuoglu)
Copyright (c) 2011-2012 NEC Laboratories America (Koray Kavukcuoglu)
Copyright (c) 2011-2013 NYU                      (Clement Farabet)
Copyright (c) 2006-2010 NEC Laboratories America (Ronan Collobert, Leon Bottou, Iain Melvin, Jason Weston)
Copyright (c) 2006      Idiap Research Institute (Samy Bengio)
Copyright (c) 2001-2004 Idiap Research Institute (Ronan Collobert, Samy Bengio, Johnny Mariethoz)
Copyright (c) 2015      Google Inc.
Copyright (c) 2015      Yangqing Jia
Copyright (c) 2013-2016 The Caffe contributors
All rights reserved.

Various files include modifications (c) NVIDIA CORPORATION & AFFILIATES.  All rights reserved.

GOVERNING TERMS: The software and materials are governed by the NVIDIA Software License Agreement
(found at https://www.nvidia.com/en-us/agreements/enterprise-software/nvidia-software-license-agreement/)
and the Product-Specific Terms for NVIDIA AI Products
(found at https://www.nvidia.com/en-us/agreements/enterprise-software/product-specific-terms-for-ai-products/).

NOTE: CUDA Forward Compatibility mode ENABLED.
  Using CUDA 13.1 driver version 590.44.01 with kernel driver version 580.65.06.
  See https://docs.nvidia.com/deploy/cuda-compatibility/ for details.

-----------------------------------------------------------------------------
Step 0: Setup & Dependencies (Inside Docker)
Installing python dependencies...
Collecting wandb
  Downloading wandb-0.23.1-py3-none-manylinux_2_28_x86_64.whl.metadata (12 kB)
Collecting tiktoken
  Downloading tiktoken-0.12.0-cp312-cp312-manylinux_2_28_x86_64.whl.metadata (6.7 kB)
Requirement already satisfied: tokenizers in /usr/local/lib/python3.12/dist-packages (0.22.1)
Requirement already satisfied: datasets in /usr/local/lib/python3.12/dist-packages (4.4.1)
Requirement already satisfied: psutil in /usr/local/lib/python3.12/dist-packages (7.1.3)
Collecting files-to-prompt
  Downloading files_to_prompt-0.6-py3-none-any.whl.metadata (7.4 kB)
Collecting maturin
  Downloading maturin-1.10.2-py3-none-manylinux_2_12_x86_64.manylinux2010_x86_64.musllinux_1_1_x86_64.whl.metadata (16 kB)
Collecting fastapi
  Downloading fastapi-0.128.0-py3-none-any.whl.metadata (30 kB)
Collecting uvicorn
  Downloading uvicorn-0.40.0-py3-none-any.whl.metadata (6.7 kB)
Requirement already satisfied: regex in /usr/local/lib/python3.12/dist-packages (2025.11.3)
Requirement already satisfied: click>=8.0.1 in /usr/local/lib/python3.12/dist-packages (from wandb) (8.3.1)
Collecting gitpython!=3.1.29,>=1.0.0 (from wandb)
  Downloading gitpython-3.1.45-py3-none-any.whl.metadata (13 kB)
Requirement already satisfied: packaging in /usr/local/lib/python3.12/dist-packages (from wandb) (25.0)
Requirement already satisfied: platformdirs in /usr/local/lib/python3.12/dist-packages (from wandb) (4.5.1)
Requirement already satisfied: protobuf!=4.21.0,!=5.28.0,<7,>=3.19.0 in /usr/local/lib/python3.12/dist-packages (from wandb) (6.33.2)
Requirement already satisfied: pydantic<3 in /usr/local/lib/python3.12/dist-packages (from wandb) (2.12.5)
Requirement already satisfied: pyyaml in /usr/local/lib/python3.12/dist-packages (from wandb) (6.0.3)
Requirement already satisfied: requests<3,>=2.0.0 in /usr/local/lib/python3.12/dist-packages (from wandb) (2.32.5)
Collecting sentry-sdk>=2.0.0 (from wandb)
  Downloading sentry_sdk-2.48.0-py2.py3-none-any.whl.metadata (10 kB)
Requirement already satisfied: typing-extensions<5,>=4.8 in /usr/local/lib/python3.12/dist-packages (from wandb) (4.15.0)
Requirement already satisfied: annotated-types>=0.6.0 in /usr/local/lib/python3.12/dist-packages (from pydantic<3->wandb) (0.7.0)
Requirement already satisfied: pydantic-core==2.41.5 in /usr/local/lib/python3.12/dist-packages (from pydantic<3->wandb) (2.41.5)
Requirement already satisfied: typing-inspection>=0.4.2 in /usr/local/lib/python3.12/dist-packages (from pydantic<3->wandb) (0.4.2)
Requirement already satisfied: charset_normalizer<4,>=2 in /usr/local/lib/python3.12/dist-packages (from requests<3,>=2.0.0->wandb) (3.4.4)
Requirement already satisfied: idna<4,>=2.5 in /usr/local/lib/python3.12/dist-packages (from requests<3,>=2.0.0->wandb) (3.11)
Requirement already satisfied: urllib3<3,>=1.21.1 in /usr/local/lib/python3.12/dist-packages (from requests<3,>=2.0.0->wandb) (2.6.1)
Requirement already satisfied: certifi>=2017.4.17 in /usr/local/lib/python3.12/dist-packages (from requests<3,>=2.0.0->wandb) (2025.11.12)
Requirement already satisfied: huggingface-hub<2.0,>=0.16.4 in /usr/local/lib/python3.12/dist-packages (from tokenizers) (1.2.3)
Requirement already satisfied: filelock in /usr/local/lib/python3.12/dist-packages (from huggingface-hub<2.0,>=0.16.4->tokenizers) (3.20.1)
Requirement already satisfied: fsspec>=2023.5.0 in /usr/local/lib/python3.12/dist-packages (from huggingface-hub<2.0,>=0.16.4->tokenizers) (2025.10.0)
Requirement already satisfied: hf-xet<2.0.0,>=1.2.0 in /usr/local/lib/python3.12/dist-packages (from huggingface-hub<2.0,>=0.16.4->tokenizers) (1.2.0)
Requirement already satisfied: httpx<1,>=0.23.0 in /usr/local/lib/python3.12/dist-packages (from huggingface-hub<2.0,>=0.16.4->tokenizers) (0.28.1)
Requirement already satisfied: shellingham in /usr/local/lib/python3.12/dist-packages (from huggingface-hub<2.0,>=0.16.4->tokenizers) (1.5.4)
Requirement already satisfied: tqdm>=4.42.1 in /usr/local/lib/python3.12/dist-packages (from huggingface-hub<2.0,>=0.16.4->tokenizers) (4.67.1)
Requirement already satisfied: typer-slim in /usr/local/lib/python3.12/dist-packages (from huggingface-hub<2.0,>=0.16.4->tokenizers) (0.20.0)
Requirement already satisfied: anyio in /usr/local/lib/python3.12/dist-packages (from httpx<1,>=0.23.0->huggingface-hub<2.0,>=0.16.4->tokenizers) (4.12.0)
Requirement already satisfied: httpcore==1.* in /usr/local/lib/python3.12/dist-packages (from httpx<1,>=0.23.0->huggingface-hub<2.0,>=0.16.4->tokenizers) (1.0.9)
Requirement already satisfied: h11>=0.16 in /usr/local/lib/python3.12/dist-packages (from httpcore==1.*->httpx<1,>=0.23.0->huggingface-hub<2.0,>=0.16.4->tokenizers) (0.16.0)
Requirement already satisfied: numpy>=1.17 in /usr/local/lib/python3.12/dist-packages (from datasets) (2.1.0)
Requirement already satisfied: pyarrow>=21.0.0 in /usr/local/lib/python3.12/dist-packages (from datasets) (22.0.0)
Requirement already satisfied: dill<0.4.1,>=0.3.0 in /usr/local/lib/python3.12/dist-packages (from datasets) (0.4.0)
Requirement already satisfied: pandas in /usr/local/lib/python3.12/dist-packages (from datasets) (2.3.3)
Requirement already satisfied: xxhash in /usr/local/lib/python3.12/dist-packages (from datasets) (3.6.0)
Requirement already satisfied: multiprocess<0.70.19 in /usr/local/lib/python3.12/dist-packages (from datasets) (0.70.18)
Requirement already satisfied: aiohttp!=4.0.0a0,!=4.0.0a1 in /usr/local/lib/python3.12/dist-packages (from fsspec[http]<=2025.10.0,>=2023.1.0->datasets) (3.13.2)
Collecting starlette<0.51.0,>=0.40.0 (from fastapi)
  Downloading starlette-0.50.0-py3-none-any.whl.metadata (6.3 kB)
Collecting annotated-doc>=0.0.2 (from fastapi)
  Downloading annotated_doc-0.0.4-py3-none-any.whl.metadata (6.6 kB)
Requirement already satisfied: aiohappyeyeballs>=2.5.0 in /usr/local/lib/python3.12/dist-packages (from aiohttp!=4.0.0a0,!=4.0.0a1->fsspec[http]<=2025.10.0,>=2023.1.0->datasets) (2.6.1)
Requirement already satisfied: aiosignal>=1.4.0 in /usr/local/lib/python3.12/dist-packages (from aiohttp!=4.0.0a0,!=4.0.0a1->fsspec[http]<=2025.10.0,>=2023.1.0->datasets) (1.4.0)
Requirement already satisfied: attrs>=17.3.0 in /usr/local/lib/python3.12/dist-packages (from aiohttp!=4.0.0a0,!=4.0.0a1->fsspec[http]<=2025.10.0,>=2023.1.0->datasets) (25.4.0)
Requirement already satisfied: frozenlist>=1.1.1 in /usr/local/lib/python3.12/dist-packages (from aiohttp!=4.0.0a0,!=4.0.0a1->fsspec[http]<=2025.10.0,>=2023.1.0->datasets) (1.8.0)
Requirement already satisfied: multidict<7.0,>=4.5 in /usr/local/lib/python3.12/dist-packages (from aiohttp!=4.0.0a0,!=4.0.0a1->fsspec[http]<=2025.10.0,>=2023.1.0->datasets) (6.7.0)
Requirement already satisfied: propcache>=0.2.0 in /usr/local/lib/python3.12/dist-packages (from aiohttp!=4.0.0a0,!=4.0.0a1->fsspec[http]<=2025.10.0,>=2023.1.0->datasets) (0.4.1)
Requirement already satisfied: yarl<2.0,>=1.17.0 in /usr/local/lib/python3.12/dist-packages (from aiohttp!=4.0.0a0,!=4.0.0a1->fsspec[http]<=2025.10.0,>=2023.1.0->datasets) (1.22.0)
Collecting gitdb<5,>=4.0.1 (from gitpython!=3.1.29,>=1.0.0->wandb)
  Downloading gitdb-4.0.12-py3-none-any.whl.metadata (1.2 kB)
Collecting smmap<6,>=3.0.1 (from gitdb<5,>=4.0.1->gitpython!=3.1.29,>=1.0.0->wandb)
  Downloading smmap-5.0.2-py3-none-any.whl.metadata (4.3 kB)
Requirement already satisfied: python-dateutil>=2.8.2 in /usr/local/lib/python3.12/dist-packages (from pandas->datasets) (2.9.0.post0)
Requirement already satisfied: pytz>=2020.1 in /usr/local/lib/python3.12/dist-packages (from pandas->datasets) (2025.2)
Requirement already satisfied: tzdata>=2022.7 in /usr/local/lib/python3.12/dist-packages (from pandas->datasets) (2025.3)
Requirement already satisfied: six>=1.5 in /usr/local/lib/python3.12/dist-packages (from python-dateutil>=2.8.2->pandas->datasets) (1.16.0)
Downloading wandb-0.23.1-py3-none-manylinux_2_28_x86_64.whl (22.9 MB)
   ━━━━━━━━━━━━━━━━━━━━━━━━━━━━━━━━━━━━━━━━ 22.9/22.9 MB 44.9 MB/s  0:00:00
Downloading tiktoken-0.12.0-cp312-cp312-manylinux_2_28_x86_64.whl (1.2 MB)
   ━━━━━━━━━━━━━━━━━━━━━━━━━━━━━━━━━━━━━━━━ 1.2/1.2 MB 52.4 MB/s  0:00:00
Downloading files_to_prompt-0.6-py3-none-any.whl (10 kB)
Downloading maturin-1.10.2-py3-none-manylinux_2_12_x86_64.manylinux2010_x86_64.musllinux_1_1_x86_64.whl (9.2 MB)
   ━━━━━━━━━━━━━━━━━━━━━━━━━━━━━━━━━━━━━━━━ 9.2/9.2 MB 61.1 MB/s  0:00:00
Downloading fastapi-0.128.0-py3-none-any.whl (103 kB)
Downloading starlette-0.50.0-py3-none-any.whl (74 kB)
Downloading uvicorn-0.40.0-py3-none-any.whl (68 kB)
Downloading annotated_doc-0.0.4-py3-none-any.whl (5.3 kB)
Downloading gitpython-3.1.45-py3-none-any.whl (208 kB)
Downloading gitdb-4.0.12-py3-none-any.whl (62 kB)
Downloading smmap-5.0.2-py3-none-any.whl (24 kB)
Downloading sentry_sdk-2.48.0-py2.py3-none-any.whl (414 kB)
Installing collected packages: uvicorn, smmap, sentry-sdk, maturin, files-to-prompt, annotated-doc, tiktoken, starlette, gitdb, gitpython, fastapi, wandb

Successfully installed annotated-doc-0.0.4 fastapi-0.128.0 files-to-prompt-0.6 gitdb-4.0.12 gitpython-3.1.45 maturin-1.10.2 sentry-sdk-2.48.0 smmap-5.0.2 starlette-0.50.0 tiktoken-0.12.0 uvicorn-0.40.0 wandb-0.23.1
WARNING: Running pip as the 'root' user can result in broken permissions and conflicting behaviour with the system package manager, possibly rendering your system unusable. It is recommended to use a virtual environment instead: https://pip.pypa.io/warnings/venv. Use the --root-user-action option if you know what you are doing and want to suppress this warning.
Installing Rust toolchain (for tokenizer)...
info: downloading installer
info: profile set to 'default'
info: default host triple is x86_64-unknown-linux-gnu
info: syncing channel updates for 'stable-x86_64-unknown-linux-gnu'
info: latest update on 2025-12-11, rust version 1.92.0 (ded5c06cf 2025-12-08)
info: downloading component 'cargo'
info: downloading component 'clippy'
info: downloading component 'rust-docs'
info: downloading component 'rust-std'
info: downloading component 'rustc'
info: downloading component 'rustfmt'
info: installing component 'cargo'
info: installing component 'clippy'
info: installing component 'rust-docs'
info: installing component 'rust-std'
info: installing component 'rustc'
info: installing component 'rustfmt'

info: default toolchain set to 'stable-x86_64-unknown-linux-gnu'
  stable-x86_64-unknown-linux-gnu installed - rustc 1.92.0 (ded5c06cf 2025-12-08)


Rust is installed now. Great!

To get started you may need to restart your current shell.
This would reload your PATH environment variable to include
Cargo's bin directory ($HOME/.cargo/bin).

To configure your current shell, you need to source
the corresponding env file under $HOME/.cargo.

This is usually done by running one of the following (note the leading DOT):
. "$HOME/.cargo/env"            # For sh/bash/zsh/ash/dash/pdksh
source "$HOME/.cargo/env.fish"  # For fish
source $"($nu.home-path)/.cargo/env.nu"  # For nushell
Building rustbpe tokenizer extension...
    Updating crates.io index
 Downloading crates ...
  Downloaded bit-set v0.8.0
  Downloaded bit-vec v0.8.0
  Downloaded ahash v0.8.12
  Downloaded cfg-if v1.0.3
  Downloaded castaway v0.2.4
  Downloaded autocfg v1.5.0
  Downloaded pyo3-macros v0.23.5
  Downloaded heck v0.5.0
  Downloaded itoa v1.0.15
  Downloaded unindent v0.2.4
  Downloaded equivalent v1.0.2
  Downloaded memoffset v0.9.1
  Downloaded version_check v0.9.5
  Downloaded arc-swap v1.7.1
  Downloaded rustversion v1.0.22
  Downloaded compact_str v0.9.0
  Downloaded static_assertions v1.1.0
  Downloaded either v1.15.0
  Downloaded target-lexicon v0.12.16
  Downloaded crossbeam-deque v0.8.6
  Downloaded quote v1.0.40
  Downloaded dary_heap v0.3.7
  Downloaded pyo3-log v0.12.4
  Downloaded indoc v2.0.6
  Downloaded pyo3-build-config v0.23.5
  Downloaded crossbeam-epoch v0.9.18
  Downloaded crossbeam-utils v0.8.21
  Downloaded once_cell v1.21.3
  Downloaded unicode-ident v1.0.18
  Downloaded ryu v1.0.20
  Downloaded wit-bindgen v0.45.1
  Downloaded getrandom v0.3.3
  Downloaded log v0.4.28
  Downloaded r-efi v5.3.0
  Downloaded pyo3-ffi v0.23.5
  Downloaded proc-macro2 v1.0.101
  Downloaded pyo3-macros-backend v0.23.5
  Downloaded zerocopy-derive v0.8.26
  Downloaded rayon-core v1.13.0
  Downloaded memchr v2.7.5
  Downloaded fancy-regex v0.16.1
  Downloaded indexmap v2.11.0
  Downloaded wasi v0.14.4+wasi-0.2.4
  Downloaded hashbrown v0.15.5
  Downloaded aho-corasick v1.1.3
  Downloaded portable-atomic v1.11.1
  Downloaded rayon v1.11.0
  Downloaded zerocopy v0.8.26
  Downloaded syn v2.0.106
  Downloaded regex-syntax v0.8.6
  Downloaded regex-automata v0.4.10
  Downloaded libc v0.2.175
  Downloaded pyo3 v0.23.5
📦 Including license file `LICENSE`
🔗 Found pyo3 bindings
🐍 Found CPython 3.12 at /usr/bin/python3
📡 Using build options bindings from pyproject.toml
    Finished `release` profile [optimized] target(s) in 0.02s
📦 Built wheel for CPython 3.12 to dist/nanochat-0.1.0-cp312-cp312-manylinux_2_34_x86_64.whl
Processing ./dist/nanochat-0.1.0-cp312-cp312-manylinux_2_34_x86_64.whl
Installing collected packages: nanochat
Successfully installed nanochat-0.1.0
WARNING: Running pip as the 'root' user can result in broken permissions and conflicting behaviour with the system package manager, possibly rendering your system unusable. It is recommended to use a virtual environment instead: https://pip.pypa.io/warnings/venv. Use the --root-user-action option if you know what you are doing and want to suppress this warning.
Clear report...
Reset report and wrote header to /root/.cache/nanochat/report/header.md
-----------------------------------------------------------------------------
Step 0.5: Data & Tokenizer
Downloading data shards (if needed)...
Downloading 8 shards using 4 workers...
Target directory: /root/.cache/nanochat/base_data

Skipping /root/.cache/nanochat/base_data/shard_00000.parquet (already exists)
Skipping /root/.cache/nanochat/base_data/shard_00001.parquet (already exists)
Skipping /root/.cache/nanochat/base_data/shard_00002.parquet (already exists)
Skipping /root/.cache/nanochat/base_data/shard_00004.parquet (already exists)Skipping /root/.cache/nanochat/base_data/shard_00003.parquet (already exists)

Skipping /root/.cache/nanochat/base_data/shard_00005.parquet (already exists)
Skipping /root/.cache/nanochat/base_data/shard_00006.parquet (already exists)
Skipping /root/.cache/nanochat/base_data/shard_00007.parquet (already exists)
Done! Downloaded: 8/8 shards to /root/.cache/nanochat/base_data
Skipping Tokenizer Training/Eval (SKIP_TOKENIZER=true)
-----------------------------------------------------------------------------
Step 1: Base Model Pretraining (FP8)
Starting Base Training... (First step may take >60s due to JIT compilation)
/usr/local/lib/python3.12/dist-packages/torch/library.py:356: UserWarning: Warning only once for all operators,  other operators may also be overridden.
  Overriding a previously registered kernel for the same operator and the same dispatch key
  operator: flash_attn::_flash_attn_backward(Tensor dout, Tensor q, Tensor k, Tensor v, Tensor out, Tensor softmax_lse, Tensor(a6!)? dq, Tensor(a7!)? dk, Tensor(a8!)? dv, float dropout_p, float softmax_scale, bool causal, SymInt window_size_left, SymInt window_size_right, float softcap, Tensor? alibi_slopes, bool deterministic, Tensor? rng_state=None) -> Tensor
    registered at /usr/local/lib/python3.12/dist-packages/torch/_library/custom_ops.py:922
  dispatch key: ADInplaceOrView
  previous kernel: no debug info
       new kernel: registered at /usr/local/lib/python3.12/dist-packages/torch/_library/custom_ops.py:922 (Triggered internally at /opt/pytorch/pytorch/aten/src/ATen/core/dispatch/OperatorEntry.cpp:208.)
  self.m.impl(

                                                       █████                █████
                                                      ░░███                ░░███
     ████████    ██████   ████████    ██████   ██████  ░███████    ██████  ███████
    ░░███░░███  ░░░░░███ ░░███░░███  ███░░███ ███░░███ ░███░░███  ░░░░░███░░░███░
     ░███ ░███   ███████  ░███ ░███ ░███ ░███░███ ░░░  ░███ ░███   ███████  ░███
     ░███ ░███  ███░░███  ░███ ░███ ░███ ░███░███  ███ ░███ ░███  ███░░███  ░███ ███
     ████ █████░░████████ ████ █████░░██████ ░░██████  ████ █████░░███████  ░░█████
    ░░░░ ░░░░░  ░░░░░░░░ ░░░░ ░░░░░  ░░░░░░   ░░░░░░  ░░░░ ░░░░░  ░░░░░░░░   ░░░░░
    
Overriding: use_fp8 = True
Overriding: model_tag = d20_fp8
Overriding: wandb_project = nanochat-fp8
Overriding: run = dummy
Overriding: log_file = speedrun_local_fp8.log
Overriding: depth = 20
Overriding: device_batch_size = 20
Autodetected device type: cuda
2025-12-31 09:46:38,933 - nanochat.common - [32m[1mINFO[0m - Distributed world size: 1
Vocab size: 65,536
num_layers: 20
model_dim: 1280
num_heads: 10
num_kv_heads: 10
WARNING: total_batch_size 524,288 is not divisible by tokens per micro-batch 40,960.
WARNING: Adjusting total_batch_size to 532,480
Tokens / micro-batch / rank: 20 x 2048 = 40,960
Tokens / micro-batch: 40,960
Total batch size 532,480 => gradient accumulation steps: 13
Number of parameters: 560,988,160
Estimated FLOPs per token: 3.491758e+09
Calculated number of iterations from target data:param ratio: 21,070
Total number of training tokens: 11,219,353,600
Tokens : Params ratio: 20.00
Total training FLOPs estimate: 3.917527e+19
Scaling the LR for the AdamW parameters ∝1/√(1280/768) = 0.774597
Step 00000 | Validation bpb: 3.3015
Compiling model (first forward pass)... this may take a minute or two.
step 00000/21070 (0.00%) | loss: 11.090361 | grad norm: 0.4324 | lrm: 1.00 | dt: 17855.32ms | tok/sec: 29,821 | mfu: 10.53 | total time: 0.00m
step 00001/21070 (0.00%) | loss: 10.809502 | grad norm: 7.3007 | lrm: 1.00 | dt: 7926.46ms | tok/sec: 67,177 | mfu: 23.72 | total time: 0.00m
step 00002/21070 (0.01%) | loss: 10.314992 | grad norm: 5.5797 | lrm: 1.00 | dt: 8252.34ms | tok/sec: 64,524 | mfu: 22.78 | total time: 0.00m
step 00003/21070 (0.01%) | loss: 9.609617 | grad norm: 3.8797 | lrm: 1.00 | dt: 8274.23ms | tok/sec: 64,354 | mfu: 22.72 | total time: 0.00m
step 00004/21070 (0.02%) | loss: 9.003505 | grad norm: 3.3374 | lrm: 1.00 | dt: 8287.64ms | tok/sec: 64,249 | mfu: 22.68 | total time: 0.00m
step 00005/21070 (0.02%) | loss: 8.621583 | grad norm: 4.2665 | lrm: 1.00 | dt: 8297.20ms | tok/sec: 64,175 | mfu: 22.66 | total time: 0.00m
step 00006/21070 (0.03%) | loss: 8.291899 | grad norm: 3.4458 | lrm: 1.00 | dt: 8309.07ms | tok/sec: 64,084 | mfu: 22.63 | total time: 0.00m
step 00007/21070 (0.03%) | loss: 8.015251 | grad norm: 3.1769 | lrm: 1.00 | dt: 8316.45ms | tok/sec: 64,027 | mfu: 22.61 | total time: 0.00m
step 00008/21070 (0.04%) | loss: 7.821574 | grad norm: 6.3420 | lrm: 1.00 | dt: 8326.57ms | tok/sec: 63,949 | mfu: 22.58 | total time: 0.00m
step 00009/21070 (0.04%) | loss: 7.654271 | grad norm: 2.1740 | lrm: 1.00 | dt: 8337.77ms | tok/sec: 63,863 | mfu: 22.55 | total time: 0.00m
step 00010/21070 (0.05%) | loss: 7.509957 | grad norm: 2.5330 | lrm: 1.00 | dt: 8346.89ms | tok/sec: 63,793 | mfu: 22.52 | total time: 0.00m
step 00011/21070 (0.05%) | loss: 7.369567 | grad norm: 1.6398 | lrm: 1.00 | dt: 8349.23ms | tok/sec: 63,775 | mfu: 22.52 | total time: 0.14m
step 00012/21070 (0.06%) | loss: 7.247710 | grad norm: 2.3951 | lrm: 1.00 | dt: 8351.56ms | tok/sec: 63,758 | mfu: 22.51 | total time: 0.28m
step 00013/21070 (0.06%) | loss: 7.161915 | grad norm: 2.0690 | lrm: 1.00 | dt: 8361.05ms | tok/sec: 63,685 | mfu: 22.48 | total time: 0.42m
step 00014/21070 (0.07%) | loss: 7.061200 | grad norm: 1.3722 | lrm: 1.00 | dt: 8360.28ms | tok/sec: 63,691 | mfu: 22.49 | total time: 0.56m
step 00015/21070 (0.07%) | loss: 6.970796 | grad norm: 2.1851 | lrm: 1.00 | dt: 8370.76ms | tok/sec: 63,611 | mfu: 22.46 | total time: 0.70m
step 00016/21070 (0.08%) | loss: 6.884870 | grad norm: 1.0560 | lrm: 1.00 | dt: 8371.78ms | tok/sec: 63,604 | mfu: 22.46 | total time: 0.84m
step 00017/21070 (0.08%) | loss: 6.838968 | grad norm: 1.2641 | lrm: 1.00 | dt: 8380.56ms | tok/sec: 63,537 | mfu: 22.43 | total time: 0.98m
step 00018/21070 (0.09%) | loss: 6.768531 | grad norm: 1.1489 | lrm: 1.00 | dt: 8376.63ms | tok/sec: 63,567 | mfu: 22.44 | total time: 1.12m
step 00019/21070 (0.09%) | loss: 6.730961 | grad norm: 2.2049 | lrm: 1.00 | dt: 8379.82ms | tok/sec: 63,543 | mfu: 22.43 | total time: 1.26m
step 00020/21070 (0.09%) | loss: 6.699733 | grad norm: 0.7332 | lrm: 1.00 | dt: 8380.59ms | tok/sec: 63,537 | mfu: 22.43 | total time: 1.39m
step 00021/21070 (0.10%) | loss: 6.631548 | grad norm: 0.7279 | lrm: 1.00 | dt: 8389.29ms | tok/sec: 63,471 | mfu: 22.41 | total time: 1.53m
step 00022/21070 (0.10%) | loss: 6.583174 | grad norm: 0.7828 | lrm: 1.00 | dt: 8386.10ms | tok/sec: 63,495 | mfu: 22.42 | total time: 1.67m
step 00023/21070 (0.11%) | loss: 6.551201 | grad norm: 1.2230 | lrm: 1.00 | dt: 8385.87ms | tok/sec: 63,497 | mfu: 22.42 | total time: 1.81m
step 00024/21070 (0.11%) | loss: 6.516892 | grad norm: 0.9936 | lrm: 1.00 | dt: 8390.85ms | tok/sec: 63,459 | mfu: 22.41 | total time: 1.95m
step 00025/21070 (0.12%) | loss: 6.480363 | grad norm: 1.1077 | lrm: 1.00 | dt: 8397.00ms | tok/sec: 63,413 | mfu: 22.39 | total time: 2.09m
step 00026/21070 (0.12%) | loss: 6.460447 | grad norm: 0.6398 | lrm: 1.00 | dt: 8395.09ms | tok/sec: 63,427 | mfu: 22.39 | total time: 2.23m
step 00027/21070 (0.13%) | loss: 6.428108 | grad norm: 0.8024 | lrm: 1.00 | dt: 8395.20ms | tok/sec: 63,426 | mfu: 22.39 | total time: 2.37m
step 00028/21070 (0.13%) | loss: 6.394827 | grad norm: 1.0886 | lrm: 1.00 | dt: 8398.93ms | tok/sec: 63,398 | mfu: 22.38 | total time: 2.51m
step 00029/21070 (0.14%) | loss: 6.368697 | grad norm: 1.4017 | lrm: 1.00 | dt: 8399.30ms | tok/sec: 63,395 | mfu: 22.38 | total time: 2.65m
step 00030/21070 (0.14%) | loss: 6.346728 | grad norm: 0.8847 | lrm: 1.00 | dt: 8399.42ms | tok/sec: 63,394 | mfu: 22.38 | total time: 2.79m
step 00031/21070 (0.15%) | loss: 6.317449 | grad norm: 1.2104 | lrm: 1.00 | dt: 8400.45ms | tok/sec: 63,387 | mfu: 22.38 | total time: 2.93m
step 00032/21070 (0.15%) | loss: 6.286231 | grad norm: 0.9581 | lrm: 1.00 | dt: 8400.76ms | tok/sec: 63,384 | mfu: 22.38 | total time: 3.07m
step 00033/21070 (0.16%) | loss: 6.262015 | grad norm: 1.1352 | lrm: 1.00 | dt: 8402.94ms | tok/sec: 63,368 | mfu: 22.37 | total time: 3.21m
step 00034/21070 (0.16%) | loss: 6.232717 | grad norm: 0.6787 | lrm: 1.00 | dt: 8400.15ms | tok/sec: 63,389 | mfu: 22.38 | total time: 3.35m
step 00035/21070 (0.17%) | loss: 6.215030 | grad norm: 1.1691 | lrm: 1.00 | dt: 8407.59ms | tok/sec: 63,333 | mfu: 22.36 | total time: 3.49m
step 00036/21070 (0.17%) | loss: 6.190919 | grad norm: 0.7145 | lrm: 1.00 | dt: 8402.04ms | tok/sec: 63,375 | mfu: 22.38 | total time: 3.63m
step 00037/21070 (0.18%) | loss: 6.175026 | grad norm: 0.6900 | lrm: 1.00 | dt: 8399.22ms | tok/sec: 63,396 | mfu: 22.38 | total time: 3.77m
step 00038/21070 (0.18%) | loss: 6.158731 | grad norm: 0.6277 | lrm: 1.00 | dt: 8401.00ms | tok/sec: 63,382 | mfu: 22.38 | total time: 3.91m
step 00039/21070 (0.19%) | loss: 6.127611 | grad norm: 0.5711 | lrm: 1.00 | dt: 8399.22ms | tok/sec: 63,396 | mfu: 22.38 | total time: 4.05m
step 00040/21070 (0.19%) | loss: 6.116349 | grad norm: 0.7149 | lrm: 1.00 | dt: 8399.80ms | tok/sec: 63,391 | mfu: 22.38 | total time: 4.19m
step 00041/21070 (0.19%) | loss: 6.078307 | grad norm: 0.9049 | lrm: 1.00 | dt: 8403.50ms | tok/sec: 63,364 | mfu: 22.37 | total time: 4.33m
step 00042/21070 (0.20%) | loss: 6.059876 | grad norm: 0.8076 | lrm: 1.00 | dt: 8396.01ms | tok/sec: 63,420 | mfu: 22.39 | total time: 4.47m
step 00043/21070 (0.20%) | loss: 6.021989 | grad norm: 0.7838 | lrm: 1.00 | dt: 8401.64ms | tok/sec: 63,378 | mfu: 22.38 | total time: 4.61m
step 00044/21070 (0.21%) | loss: 6.000281 | grad norm: 0.7007 | lrm: 1.00 | dt: 8397.75ms | tok/sec: 63,407 | mfu: 22.39 | total time: 4.75m
step 00045/21070 (0.21%) | loss: 5.979687 | grad norm: 0.7474 | lrm: 1.00 | dt: 8400.11ms | tok/sec: 63,389 | mfu: 22.38 | total time: 4.89m
step 00046/21070 (0.22%) | loss: 5.969233 | grad norm: 0.6605 | lrm: 1.00 | dt: 8404.93ms | tok/sec: 63,353 | mfu: 22.37 | total time: 5.03m
step 00047/21070 (0.22%) | loss: 5.944432 | grad norm: 0.7224 | lrm: 1.00 | dt: 8398.23ms | tok/sec: 63,403 | mfu: 22.39 | total time: 5.17m
step 00048/21070 (0.23%) | loss: 5.910925 | grad norm: 0.6878 | lrm: 1.00 | dt: 8400.25ms | tok/sec: 63,388 | mfu: 22.38 | total time: 5.31m
step 00049/21070 (0.23%) | loss: 5.894542 | grad norm: 0.5670 | lrm: 1.00 | dt: 8395.52ms | tok/sec: 63,424 | mfu: 22.39 | total time: 5.45m
